
> customer-portal@0.1.0 build
> next build

   Γû▓ Next.js 15.5.6
   - Environments: .env.local, .env.production

   Creating an optimized production build ...
node.exe : Failed to compile.
At C:\Program Files\nodejs\npm.ps1:29 char:3
+   & $NODE_EXE $NPM_CLI_JS $args
+   ~~~~~~~~~~~~~~~~~~~~~~~~~~~~~
    + CategoryInfo          : NotSpecified: (Failed to compile.:String) [], Re 
   moteException
    + FullyQualifiedErrorId : NativeCommandError
 

./src/app/api/orders/[orderId]/route.ts
Module not found: Package path ./edge is not exported from package 
C:\customer-portal\node_modules\@auth0\nextjs-auth0 (see exports field in 
C:\customer-portal\node_modules\@auth0\nextjs-auth0\package.json)

https://nextjs.org/docs/messages/module-not-found

./src/app/api/orders/route.ts
Module not found: Package path ./edge is not exported from package 
C:\customer-portal\node_modules\@auth0\nextjs-auth0 (see exports field in 
C:\customer-portal\node_modules\@auth0\nextjs-auth0\package.json)

https://nextjs.org/docs/messages/module-not-found

./src/app/api/orders/submit/route.ts
Module not found: Package path ./edge is not exported from package 
C:\customer-portal\node_modules\@auth0\nextjs-auth0 (see exports field in 
C:\customer-portal\node_modules\@auth0\nextjs-auth0\package.json)

https://nextjs.org/docs/messages/module-not-found


> Build failed because of webpack errors
